[0m[1;1H[2J[3C[1;33;43mﬁ[0;33m€€€‹[61C[1;30m€€[47mﬂ[0m€€[5;47mﬂ[0;1m€€€€ﬁ[5C[0;33m€[1;43m˛[0;33m€‹[24C[1;37mCard & Claw[24C[30mﬁ€[0m€€[1m€€€€€€›€[0;33m∞±≤≤€€[1;43m˛[0;33m€€[1;30m∞±≤€€€€€€€€≤±∞  [31m€€ ‹ﬂ‹ € €ﬂ‹   €€ €€ﬂ €ﬂ‹ € €  [30m∞±≤€€€€€€€≤±∞€ [0mﬂ[41mﬂ[5;47m€‹‹[0;1;41mﬂ[40mﬂ €[0;33m∞±≤≤€€[1;43m˛[0;33m€€[1;37m∞±≤€€€€€€€€≤±∞  [0;31m›››[41m [40mﬂ[41m [40m [41m [40m [41m [40m [41m [40m   ›››[41m [40m‹‹ € € €‹€  [1;37m∞±≤€€€€€€€≤±∞[30m€‹ [0;31m€[0m‹€‹[31m€ [1;37m‹[41m›[40m[5C[0;33m€[1;43m˛[0;33m€ﬂ[61C[1;30m€[47m‹[0m€[1;47m‹[40m [0;5;47mﬂﬂ[0;1m€[41mﬂ[0;31m€[3C[1;33;43mﬁ[0;33m€€€ﬂ[63C[1;30m€[0mﬂ[1;47mﬁ[40mﬂ[47m€[40mﬂ[47m›[0;31m›€[79C€[79Cﬁ[79Cﬁ[79C›[79C›[79Cﬁ[79Cﬁ[79Cﬁ[79Cﬁ[79Cﬁ[79Cﬁ[79Cﬁ[79Cﬁ˙[38C›[39Cﬁ›[28C˙[9C≤[39C€› ›[7C‹‹‹[16Cﬁ[8C€≤[39C€€€€€€‹‹‹‹€€≤≤€€‹€[11C‹€‹‹ ‹‹‹€€€±≤‹[15C˙[15C˙  ‹‹€±[12C≤±∞€€€€€‹‹€€€€€€€€€±±≤≤€€€€±±€€€≤€€‹‹‹€€€€€€‹€‹‹‹‹‹‹‹€≤±‹‹€€≤≤≤±±±€