
[31m                                   =-=-=-=-=                                    [1m                                 BREAKING NEWS                                  [0m[33m                              08/29/2020, 08:41 AM                              
[36m            Chadwick Boseman Black Panther star has died at 43 - CBS            [36m                                      News                                      
[1m               Belarus Journalists covering protests stripped of                [1m                            accreditation - BBC News                            
[0m[36m             Obama counsels NBA players on forming a social justice             [0m[36m                              committee - The Hill                              
[1m          Banksy-funded rescue boat needs 'immediate assistance' after          [1m                       taking 219 migrants onboard - CNN                        
[0m[36m             Apple s Massive iPhone 12 Upgrade Suddenly Confirmed -             [0m[36m                                     Forbes                                     
[1m          Protest against Koran-burning turns violent in Sweden - BBC           [1m                                      News                                      
