[0m[1;1H                      [34m 
[23C[1m∞±±≤≤≤€€€€ [31mBREAKING NEWS [34m€€€€≤≤≤±±∞



|03          Coronavirus US live Cuomo says New York cases 'coming down'           |03                but warns against rush to reopen - The Guardian                 
|11           The 52 most off-the-wall lines from Donald Trump's Sunday            |11                        night coronavirus briefing - CNN                        
|03           Peter Beard found dead in woods famed photographer Cheryl            |03                          Tiegs ex - The Mercury News                           
|11            Oil and gas names off worst lows despite plunging crude             |11                             prices - Seeking Alpha                             
|03          White House GOP face heat after hotel and restaurant chains           |03          helped run small business program dry - The Washington Post           7[4;24f           |07Apr 20, 2020            87[22;27f|07. |08Python News Mod by Alpha |07.87[41;1f|PA8