[0m[1;1H                      [34m 
[23C[1m∞±±≤≤≤€€€€ [31mBREAKING NEWS [34m€€€€≤≤≤±±∞



|03            Coronavirus US live New York governor Andrew Cuomo holds            |03                         press briefing - The Guardian                          
|11           Taylor Swift Performs Devastating Song She Once Said She d           |11                             Never Play - HuffPost                              
|03          Canadian police arrest suspect in active shooting probe with          |03                           several victims - Fox News                           
|11          Ex-mayor in California who quit after criticizing Trump dies          |11                           in plane crash - NBC News                            
|03          Who knew Elton John loves basketball What we found out about          |03                 celebs at home thanks to One World - USA TODAY                 7[4;24f           |07Apr 19, 2020            87[22;27f|07. |08Python News Mod by Alpha |07.87[41;1f|PA8